031416736505471542221161045013322541332404727052467228014421133205251232310032443006104682040391945168918263642291920812405169635928621056872342732181230875321623481280657012321423622900295521703478328327872338149011303225300812203203215870038432840367237132749177524231748